Command line invocation:
    /Applications/Xcode.app/Contents/Developer/usr/bin/xcodebuild -workspace "Foundation Aquire.xcodeproj/project.xcworkspace" -scheme Aquire -configuration Release clean build CODE_SIGN_STYLE=Automatic -allowProvisioningUpdates

Build settings from command line:
    CODE_SIGN_STYLE = Automatic

CreateBuildRequest

SendProjectDescription

CreateBuildOperation

** CLEAN SUCCEEDED **

ComputePackagePrebuildTargetDependencyGraph

Prepare packages

CreateBuildRequest

SendProjectDescription

CreateBuildOperation

ComputeTargetDependencyGraph
note: Building targets in dependency order
note: Target dependency graph (1 target)
    Target 'Foundation Aquire' in project 'Foundation Aquire' (no dependencies)

GatherProvisioningInputs

CreateBuildDescription

ExecuteExternalTool /Applications/Xcode.app/Contents/Developer/Toolchains/XcodeDefault.xctoolchain/usr/bin/clang -v -E -dM -isysroot /Applications/Xcode.app/Contents/Developer/Platforms/MacOSX.platform/Developer/SDKs/MacOSX26.2.sdk -x c -c /dev/null

ExecuteExternalTool /Applications/Xcode.app/Contents/Developer/usr/bin/momc --dry-run --action generate --swift-version 5.0 --sdkroot /Applications/Xcode.app/Contents/Developer/Platforms/MacOSX.platform/Developer/SDKs/MacOSX26.2.sdk --macosx-deployment-target 15.6 --module Foundation_Aquire /Users/zero/Documents/FoundationAquire/Aquire/STOREFRONT/Config/Aquire.xcdatamodeld /Users/zero/Library/Developer/Xcode/DerivedData/Foundation_Aquire-dcwdmojbfljbdaetrlzxjthelkgt/Build/Intermediates.noindex/Foundation Aquire.build/Release/Foundation Aquire.build/DerivedSources/CoreDataGenerated/Aquire

ExecuteExternalTool /Applications/Xcode.app/Contents/Developer/Toolchains/XcodeDefault.xctoolchain/usr/bin/swiftc --version

ExecuteExternalTool /Applications/Xcode.app/Contents/Developer/Toolchains/XcodeDefault.xctoolchain/usr/bin/ld -version_details

Build description signature: d557372d9193707b2162613cb7cdeabf
Build description path: /Users/zero/Library/Developer/Xcode/DerivedData/Foundation_Aquire-dcwdmojbfljbdaetrlzxjthelkgt/Build/Intermediates.noindex/XCBuildData/d557372d9193707b2162613cb7cdeabf.xcbuilddata
ClangStatCache /Applications/Xcode.app/Contents/Developer/Toolchains/XcodeDefault.xctoolchain/usr/bin/clang-stat-cache /Applications/Xcode.app/Contents/Developer/Platforms/MacOSX.platform/Developer/SDKs/MacOSX26.2.sdk /Users/zero/Library/Developer/Xcode/DerivedData/SDKStatCaches.noindex/macosx26.2-25C57-3885c01c3e6b6a337905948deab2002e00fa09913b459cbbc988d1f6730289ae.sdkstatcache
    cd /Users/zero/Documents/FoundationAquire/Foundation\ Aquire.xcodeproj
    /Applications/Xcode.app/Contents/Developer/Toolchains/XcodeDefault.xctoolchain/usr/bin/clang-stat-cache /Applications/Xcode.app/Contents/Developer/Platforms/MacOSX.platform/Developer/SDKs/MacOSX26.2.sdk -o /Users/zero/Library/Developer/Xcode/DerivedData/SDKStatCaches.noindex/macosx26.2-25C57-3885c01c3e6b6a337905948deab2002e00fa09913b459cbbc988d1f6730289ae.sdkstatcache

CreateBuildDirectory /Users/zero/Library/Developer/Xcode/DerivedData/Foundation_Aquire-dcwdmojbfljbdaetrlzxjthelkgt/Build/Products
    cd /Users/zero/Documents/FoundationAquire/Foundation\ Aquire.xcodeproj
    builtin-create-build-directory /Users/zero/Library/Developer/Xcode/DerivedData/Foundation_Aquire-dcwdmojbfljbdaetrlzxjthelkgt/Build/Products

CreateBuildDirectory /Users/zero/Library/Developer/Xcode/DerivedData/Foundation_Aquire-dcwdmojbfljbdaetrlzxjthelkgt/Build/Intermediates.noindex
    cd /Users/zero/Documents/FoundationAquire/Foundation\ Aquire.xcodeproj
    builtin-create-build-directory /Users/zero/Library/Developer/Xcode/DerivedData/Foundation_Aquire-dcwdmojbfljbdaetrlzxjthelkgt/Build/Intermediates.noindex

WriteAuxiliaryFile /Users/zero/Library/Developer/Xcode/DerivedData/Foundation_Aquire-dcwdmojbfljbdaetrlzxjthelkgt/Build/Intermediates.noindex/Foundation\ Aquire.build/Release/Foundation\ Aquire-e6f832c030a0806c449a070eab71ce35-VFS/all-product-headers.yaml
    cd /Users/zero/Documents/FoundationAquire/Foundation\ Aquire.xcodeproj
    write-file /Users/zero/Library/Developer/Xcode/DerivedData/Foundation_Aquire-dcwdmojbfljbdaetrlzxjthelkgt/Build/Intermediates.noindex/Foundation\ Aquire.build/Release/Foundation\ Aquire-e6f832c030a0806c449a070eab71ce35-VFS/all-product-headers.yaml

CreateBuildDirectory /Users/zero/Library/Developer/Xcode/DerivedData/Foundation_Aquire-dcwdmojbfljbdaetrlzxjthelkgt/Build/Intermediates.noindex/SwiftExplicitPrecompiledModules
    cd /Users/zero/Documents/FoundationAquire/Foundation\ Aquire.xcodeproj
    builtin-create-build-directory /Users/zero/Library/Developer/Xcode/DerivedData/Foundation_Aquire-dcwdmojbfljbdaetrlzxjthelkgt/Build/Intermediates.noindex/SwiftExplicitPrecompiledModules

CreateBuildDirectory /Users/zero/Library/Developer/Xcode/DerivedData/Foundation_Aquire-dcwdmojbfljbdaetrlzxjthelkgt/Build/Intermediates.noindex/ExplicitPrecompiledModules
    cd /Users/zero/Documents/FoundationAquire/Foundation\ Aquire.xcodeproj
    builtin-create-build-directory /Users/zero/Library/Developer/Xcode/DerivedData/Foundation_Aquire-dcwdmojbfljbdaetrlzxjthelkgt/Build/Intermediates.noindex/ExplicitPrecompiledModules

CreateBuildDirectory /Users/zero/Library/Developer/Xcode/DerivedData/Foundation_Aquire-dcwdmojbfljbdaetrlzxjthelkgt/Build/Products/Release
    cd /Users/zero/Documents/FoundationAquire/Foundation\ Aquire.xcodeproj
    builtin-create-build-directory /Users/zero/Library/Developer/Xcode/DerivedData/Foundation_Aquire-dcwdmojbfljbdaetrlzxjthelkgt/Build/Products/Release

CreateBuildDirectory /Users/zero/Library/Developer/Xcode/DerivedData/Foundation_Aquire-dcwdmojbfljbdaetrlzxjthelkgt/Build/Intermediates.noindex/EagerLinkingTBDs/Release
    cd /Users/zero/Documents/FoundationAquire/Foundation\ Aquire.xcodeproj
    builtin-create-build-directory /Users/zero/Library/Developer/Xcode/DerivedData/Foundation_Aquire-dcwdmojbfljbdaetrlzxjthelkgt/Build/Intermediates.noindex/EagerLinkingTBDs/Release

WriteAuxiliaryFile /Users/zero/Library/Developer/Xcode/DerivedData/Foundation_Aquire-dcwdmojbfljbdaetrlzxjthelkgt/Build/Intermediates.noindex/Foundation\ Aquire.build/Release/Foundation\ Aquire.build/empty-Foundation\ Aquire.plist (in target 'Foundation Aquire' from project 'Foundation Aquire')
    cd /Users/zero/Documents/FoundationAquire
    write-file /Users/zero/Library/Developer/Xcode/DerivedData/Foundation_Aquire-dcwdmojbfljbdaetrlzxjthelkgt/Build/Intermediates.noindex/Foundation\ Aquire.build/Release/Foundation\ Aquire.build/empty-Foundation\ Aquire.plist

WriteAuxiliaryFile /Users/zero/Library/Developer/Xcode/DerivedData/Foundation_Aquire-dcwdmojbfljbdaetrlzxjthelkgt/Build/Intermediates.noindex/Foundation\ Aquire.build/Release/Foundation\ Aquire.build/Objects-normal/x86_64/Foundation\ Aquire_const_extract_protocols.json (in target 'Foundation Aquire' from project 'Foundation Aquire')
    cd /Users/zero/Documents/FoundationAquire
    write-file /Users/zero/Library/Developer/Xcode/DerivedData/Foundation_Aquire-dcwdmojbfljbdaetrlzxjthelkgt/Build/Intermediates.noindex/Foundation\ Aquire.build/Release/Foundation\ Aquire.build/Objects-normal/x86_64/Foundation\ Aquire_const_extract_protocols.json

WriteAuxiliaryFile /Users/zero/Library/Developer/Xcode/DerivedData/Foundation_Aquire-dcwdmojbfljbdaetrlzxjthelkgt/Build/Intermediates.noindex/Foundation\ Aquire.build/Release/Foundation\ Aquire.build/Objects-normal/x86_64/Foundation\ Aquire.SwiftFileList (in target 'Foundation Aquire' from project 'Foundation Aquire')
    cd /Users/zero/Documents/FoundationAquire
    write-file /Users/zero/Library/Developer/Xcode/DerivedData/Foundation_Aquire-dcwdmojbfljbdaetrlzxjthelkgt/Build/Intermediates.noindex/Foundation\ Aquire.build/Release/Foundation\ Aquire.build/Objects-normal/x86_64/Foundation\ Aquire.SwiftFileList

WriteAuxiliaryFile /Users/zero/Library/Developer/Xcode/DerivedData/Foundation_Aquire-dcwdmojbfljbdaetrlzxjthelkgt/Build/Intermediates.noindex/Foundation\ Aquire.build/Release/Foundation\ Aquire.build/Objects-normal/x86_64/Foundation\ Aquire.SwiftConstValuesFileList (in target 'Foundation Aquire' from project 'Foundation Aquire')
    cd /Users/zero/Documents/FoundationAquire
    write-file /Users/zero/Library/Developer/Xcode/DerivedData/Foundation_Aquire-dcwdmojbfljbdaetrlzxjthelkgt/Build/Intermediates.noindex/Foundation\ Aquire.build/Release/Foundation\ Aquire.build/Objects-normal/x86_64/Foundation\ Aquire.SwiftConstValuesFileList

WriteAuxiliaryFile /Users/zero/Library/Developer/Xcode/DerivedData/Foundation_Aquire-dcwdmojbfljbdaetrlzxjthelkgt/Build/Intermediates.noindex/Foundation\ Aquire.build/Release/Foundation\ Aquire.build/Objects-normal/x86_64/Foundation\ Aquire.LinkFileList (in target 'Foundation Aquire' from project 'Foundation Aquire')
    cd /Users/zero/Documents/FoundationAquire
    write-file /Users/zero/Library/Developer/Xcode/DerivedData/Foundation_Aquire-dcwdmojbfljbdaetrlzxjthelkgt/Build/Intermediates.noindex/Foundation\ Aquire.build/Release/Foundation\ Aquire.build/Objects-normal/x86_64/Foundation\ Aquire.LinkFileList

WriteAuxiliaryFile /Users/zero/Library/Developer/Xcode/DerivedData/Foundation_Aquire-dcwdmojbfljbdaetrlzxjthelkgt/Build/Intermediates.noindex/Foundation\ Aquire.build/Release/Foundation\ Aquire.build/Objects-normal/x86_64/Foundation\ Aquire-OutputFileMap.json (in target 'Foundation Aquire' from project 'Foundation Aquire')
    cd /Users/zero/Documents/FoundationAquire
    write-file /Users/zero/Library/Developer/Xcode/DerivedData/Foundation_Aquire-dcwdmojbfljbdaetrlzxjthelkgt/Build/Intermediates.noindex/Foundation\ Aquire.build/Release/Foundation\ Aquire.build/Objects-normal/x86_64/Foundation\ Aquire-OutputFileMap.json

WriteAuxiliaryFile /Users/zero/Library/Developer/Xcode/DerivedData/Foundation_Aquire-dcwdmojbfljbdaetrlzxjthelkgt/Build/Intermediates.noindex/Foundation\ Aquire.build/Release/Foundation\ Aquire.build/Foundation\ Aquire.hmap (in target 'Foundation Aquire' from project 'Foundation Aquire')
    cd /Users/zero/Documents/FoundationAquire
    write-file /Users/zero/Library/Developer/Xcode/DerivedData/Foundation_Aquire-dcwdmojbfljbdaetrlzxjthelkgt/Build/Intermediates.noindex/Foundation\ Aquire.build/Release/Foundation\ Aquire.build/Foundation\ Aquire.hmap

WriteAuxiliaryFile /Users/zero/Library/Developer/Xcode/DerivedData/Foundation_Aquire-dcwdmojbfljbdaetrlzxjthelkgt/Build/Intermediates.noindex/Foundation\ Aquire.build/Release/Foundation\ Aquire.build/Foundation\ Aquire.DependencyStaticMetadataFileList (in target 'Foundation Aquire' from project 'Foundation Aquire')
    cd /Users/zero/Documents/FoundationAquire
    write-file /Users/zero/Library/Developer/Xcode/DerivedData/Foundation_Aquire-dcwdmojbfljbdaetrlzxjthelkgt/Build/Intermediates.noindex/Foundation\ Aquire.build/Release/Foundation\ Aquire.build/Foundation\ Aquire.DependencyStaticMetadataFileList

WriteAuxiliaryFile /Users/zero/Library/Developer/Xcode/DerivedData/Foundation_Aquire-dcwdmojbfljbdaetrlzxjthelkgt/Build/Intermediates.noindex/Foundation\ Aquire.build/Release/Foundation\ Aquire.build/Foundation\ Aquire.DependencyMetadataFileList (in target 'Foundation Aquire' from project 'Foundation Aquire')
    cd /Users/zero/Documents/FoundationAquire
    write-file /Users/zero/Library/Developer/Xcode/DerivedData/Foundation_Aquire-dcwdmojbfljbdaetrlzxjthelkgt/Build/Intermediates.noindex/Foundation\ Aquire.build/Release/Foundation\ Aquire.build/Foundation\ Aquire.DependencyMetadataFileList

WriteAuxiliaryFile /Users/zero/Library/Developer/Xcode/DerivedData/Foundation_Aquire-dcwdmojbfljbdaetrlzxjthelkgt/Build/Intermediates.noindex/Foundation\ Aquire.build/Release/Foundation\ Aquire.build/Foundation\ Aquire-project-headers.hmap (in target 'Foundation Aquire' from project 'Foundation Aquire')
    cd /Users/zero/Documents/FoundationAquire
    write-file /Users/zero/Library/Developer/Xcode/DerivedData/Foundation_Aquire-dcwdmojbfljbdaetrlzxjthelkgt/Build/Intermediates.noindex/Foundation\ Aquire.build/Release/Foundation\ Aquire.build/Foundation\ Aquire-project-headers.hmap

WriteAuxiliaryFile /Users/zero/Library/Developer/Xcode/DerivedData/Foundation_Aquire-dcwdmojbfljbdaetrlzxjthelkgt/Build/Intermediates.noindex/Foundation\ Aquire.build/Release/Foundation\ Aquire.build/Foundation\ Aquire-own-target-headers.hmap (in target 'Foundation Aquire' from project 'Foundation Aquire')
    cd /Users/zero/Documents/FoundationAquire
    write-file /Users/zero/Library/Developer/Xcode/DerivedData/Foundation_Aquire-dcwdmojbfljbdaetrlzxjthelkgt/Build/Intermediates.noindex/Foundation\ Aquire.build/Release/Foundation\ Aquire.build/Foundation\ Aquire-own-target-headers.hmap

WriteAuxiliaryFile /Users/zero/Library/Developer/Xcode/DerivedData/Foundation_Aquire-dcwdmojbfljbdaetrlzxjthelkgt/Build/Intermediates.noindex/Foundation\ Aquire.build/Release/Foundation\ Aquire.build/Foundation\ Aquire-generated-files.hmap (in target 'Foundation Aquire' from project 'Foundation Aquire')
    cd /Users/zero/Documents/FoundationAquire
    write-file /Users/zero/Library/Developer/Xcode/DerivedData/Foundation_Aquire-dcwdmojbfljbdaetrlzxjthelkgt/Build/Intermediates.noindex/Foundation\ Aquire.build/Release/Foundation\ Aquire.build/Foundation\ Aquire-generated-files.hmap

WriteAuxiliaryFile /Users/zero/Library/Developer/Xcode/DerivedData/Foundation_Aquire-dcwdmojbfljbdaetrlzxjthelkgt/Build/Intermediates.noindex/Foundation\ Aquire.build/Release/Foundation\ Aquire.build/Foundation\ Aquire-all-target-headers.hmap (in target 'Foundation Aquire' from project 'Foundation Aquire')
    cd /Users/zero/Documents/FoundationAquire
    write-file /Users/zero/Library/Developer/Xcode/DerivedData/Foundation_Aquire-dcwdmojbfljbdaetrlzxjthelkgt/Build/Intermediates.noindex/Foundation\ Aquire.build/Release/Foundation\ Aquire.build/Foundation\ Aquire-all-target-headers.hmap

WriteAuxiliaryFile /Users/zero/Library/Developer/Xcode/DerivedData/Foundation_Aquire-dcwdmojbfljbdaetrlzxjthelkgt/Build/Intermediates.noindex/Foundation\ Aquire.build/Release/Foundation\ Aquire.build/Foundation\ Aquire-all-non-framework-target-headers.hmap (in target 'Foundation Aquire' from project 'Foundation Aquire')
    cd /Users/zero/Documents/FoundationAquire
    write-file /Users/zero/Library/Developer/Xcode/DerivedData/Foundation_Aquire-dcwdmojbfljbdaetrlzxjthelkgt/Build/Intermediates.noindex/Foundation\ Aquire.build/Release/Foundation\ Aquire.build/Foundation\ Aquire-all-non-framework-target-headers.hmap

WriteAuxiliaryFile /Users/zero/Library/Developer/Xcode/DerivedData/Foundation_Aquire-dcwdmojbfljbdaetrlzxjthelkgt/Build/Intermediates.noindex/Foundation\ Aquire.build/Release/Foundation\ Aquire.build/DerivedSources/Entitlements.plist (in target 'Foundation Aquire' from project 'Foundation Aquire')
    cd /Users/zero/Documents/FoundationAquire
    write-file /Users/zero/Library/Developer/Xcode/DerivedData/Foundation_Aquire-dcwdmojbfljbdaetrlzxjthelkgt/Build/Intermediates.noindex/Foundation\ Aquire.build/Release/Foundation\ Aquire.build/DerivedSources/Entitlements.plist

MkDir /Users/zero/Library/Developer/Xcode/DerivedData/Foundation_Aquire-dcwdmojbfljbdaetrlzxjthelkgt/Build/Products/Release/Foundation\ Aquire.app/Contents/Resources (in target 'Foundation Aquire' from project 'Foundation Aquire')
    cd /Users/zero/Documents/FoundationAquire
    /bin/mkdir -p /Users/zero/Library/Developer/Xcode/DerivedData/Foundation_Aquire-dcwdmojbfljbdaetrlzxjthelkgt/Build/Products/Release/Foundation\ Aquire.app/Contents/Resources

MkDir /Users/zero/Library/Developer/Xcode/DerivedData/Foundation_Aquire-dcwdmojbfljbdaetrlzxjthelkgt/Build/Products/Release/Foundation\ Aquire.app/Contents/MacOS (in target 'Foundation Aquire' from project 'Foundation Aquire')
    cd /Users/zero/Documents/FoundationAquire
    /bin/mkdir -p /Users/zero/Library/Developer/Xcode/DerivedData/Foundation_Aquire-dcwdmojbfljbdaetrlzxjthelkgt/Build/Products/Release/Foundation\ Aquire.app/Contents/MacOS

MkDir /Users/zero/Library/Developer/Xcode/DerivedData/Foundation_Aquire-dcwdmojbfljbdaetrlzxjthelkgt/Build/Products/Release/Foundation\ Aquire.app/Contents (in target 'Foundation Aquire' from project 'Foundation Aquire')
    cd /Users/zero/Documents/FoundationAquire
    /bin/mkdir -p /Users/zero/Library/Developer/Xcode/DerivedData/Foundation_Aquire-dcwdmojbfljbdaetrlzxjthelkgt/Build/Products/Release/Foundation\ Aquire.app/Contents

MkDir /Users/zero/Library/Developer/Xcode/DerivedData/Foundation_Aquire-dcwdmojbfljbdaetrlzxjthelkgt/Build/Products/Release/Foundation\ Aquire.app (in target 'Foundation Aquire' from project 'Foundation Aquire')
    cd /Users/zero/Documents/FoundationAquire
    /bin/mkdir -p /Users/zero/Library/Developer/Xcode/DerivedData/Foundation_Aquire-dcwdmojbfljbdaetrlzxjthelkgt/Build/Products/Release/Foundation\ Aquire.app

ProcessProductPackaging /Users/zero/Documents/FoundationAquire/Aquire/STOREFRONT/Config/Foundation\ AquireRelease.entitlements /Users/zero/Library/Developer/Xcode/DerivedData/Foundation_Aquire-dcwdmojbfljbdaetrlzxjthelkgt/Build/Intermediates.noindex/Foundation\ Aquire.build/Release/Foundation\ Aquire.build/Foundation\ Aquire.app.xcent (in target 'Foundation Aquire' from project 'Foundation Aquire')
    cd /Users/zero/Documents/FoundationAquire
    
    Entitlements:
    
    {
    "com.apple.developer.aps-environment" = production;
    "com.apple.developer.authentication-services.autofill-credential-provider" = 1;
    "com.apple.developer.devicecheck.app-attest-opt-in" =     (
        CDhash
    );
    "com.apple.developer.usernotifications.time-sensitive" = 1;
    "com.apple.security.automation.apple-events" = 1;
    "com.apple.security.device.audio-input" = 1;
    "com.apple.security.device.camera" = 1;
    "com.apple.security.get-task-allow" = 1;
    "com.apple.security.personal-information.addressbook" = 1;
    "com.apple.security.personal-information.calendars" = 1;
    "com.apple.security.personal-information.location" = 1;
    "com.apple.security.personal-information.photos-library" = 1;
}
    
    builtin-productPackagingUtility /Users/zero/Documents/FoundationAquire/Aquire/STOREFRONT/Config/Foundation\ AquireRelease.entitlements -entitlements -format xml -o /Users/zero/Library/Developer/Xcode/DerivedData/Foundation_Aquire-dcwdmojbfljbdaetrlzxjthelkgt/Build/Intermediates.noindex/Foundation\ Aquire.build/Release/Foundation\ Aquire.build/Foundation\ Aquire.app.xcent

ProcessProductPackagingDER /Users/zero/Library/Developer/Xcode/DerivedData/Foundation_Aquire-dcwdmojbfljbdaetrlzxjthelkgt/Build/Intermediates.noindex/Foundation\ Aquire.build/Release/Foundation\ Aquire.build/Foundation\ Aquire.app.xcent /Users/zero/Library/Developer/Xcode/DerivedData/Foundation_Aquire-dcwdmojbfljbdaetrlzxjthelkgt/Build/Intermediates.noindex/Foundation\ Aquire.build/Release/Foundation\ Aquire.build/Foundation\ Aquire.app.xcent.der (in target 'Foundation Aquire' from project 'Foundation Aquire')
    cd /Users/zero/Documents/FoundationAquire
    /usr/bin/derq query -f xml -i /Users/zero/Library/Developer/Xcode/DerivedData/Foundation_Aquire-dcwdmojbfljbdaetrlzxjthelkgt/Build/Intermediates.noindex/Foundation\ Aquire.build/Release/Foundation\ Aquire.build/Foundation\ Aquire.app.xcent -o /Users/zero/Library/Developer/Xcode/DerivedData/Foundation_Aquire-dcwdmojbfljbdaetrlzxjthelkgt/Build/Intermediates.noindex/Foundation\ Aquire.build/Release/Foundation\ Aquire.build/Foundation\ Aquire.app.xcent.der --raw

ProcessInfoPlistFile /Users/zero/Library/Developer/Xcode/DerivedData/Foundation_Aquire-dcwdmojbfljbdaetrlzxjthelkgt/Build/Products/Release/Foundation\ Aquire.app/Contents/Info.plist /Users/zero/Library/Developer/Xcode/DerivedData/Foundation_Aquire-dcwdmojbfljbdaetrlzxjthelkgt/Build/Intermediates.noindex/Foundation\ Aquire.build/Release/Foundation\ Aquire.build/empty-Foundation\ Aquire.plist (in target 'Foundation Aquire' from project 'Foundation Aquire')
    cd /Users/zero/Documents/FoundationAquire
    builtin-infoPlistUtility /Users/zero/Library/Developer/Xcode/DerivedData/Foundation_Aquire-dcwdmojbfljbdaetrlzxjthelkgt/Build/Intermediates.noindex/Foundation\ Aquire.build/Release/Foundation\ Aquire.build/empty-Foundation\ Aquire.plist -producttype com.apple.product-type.application -genpkginfo /Users/zero/Library/Developer/Xcode/DerivedData/Foundation_Aquire-dcwdmojbfljbdaetrlzxjthelkgt/Build/Products/Release/Foundation\ Aquire.app/Contents/PkgInfo -expandbuildsettings -platform macosx -o /Users/zero/Library/Developer/Xcode/DerivedData/Foundation_Aquire-dcwdmojbfljbdaetrlzxjthelkgt/Build/Products/Release/Foundation\ Aquire.app/Contents/Info.plist

DataModelCompile /Users/zero/Library/Developer/Xcode/DerivedData/Foundation_Aquire-dcwdmojbfljbdaetrlzxjthelkgt/Build/Products/Release/Foundation\ Aquire.app/Contents/Resources/ /Users/zero/Documents/FoundationAquire/Aquire/STOREFRONT/Config/Aquire.xcdatamodeld (in target 'Foundation Aquire' from project 'Foundation Aquire')
    cd /Users/zero/Documents/FoundationAquire
    /Applications/Xcode.app/Contents/Developer/usr/bin/momc --sdkroot /Applications/Xcode.app/Contents/Developer/Platforms/MacOSX.platform/Developer/SDKs/MacOSX26.2.sdk --macosx-deployment-target 15.6 --module Foundation_Aquire /Users/zero/Documents/FoundationAquire/Aquire/STOREFRONT/Config/Aquire.xcdatamodeld /Users/zero/Library/Developer/Xcode/DerivedData/Foundation_Aquire-dcwdmojbfljbdaetrlzxjthelkgt/Build/Products/Release/Foundation\ Aquire.app/Contents/Resources/
Aquire.xcdatamodel: note: Model Aquire version checksum: VNIRJOjhqmU35OF02buOyYQnU/0ToUzUMpGW5jvR3Ic=

DataModelCodegen /Users/zero/Documents/FoundationAquire/Aquire/STOREFRONT/Config/Aquire.xcdatamodeld (in target 'Foundation Aquire' from project 'Foundation Aquire')
    cd /Users/zero/Documents/FoundationAquire
    /Applications/Xcode.app/Contents/Developer/usr/bin/momc --action generate --swift-version 5.0 --sdkroot /Applications/Xcode.app/Contents/Developer/Platforms/MacOSX.platform/Developer/SDKs/MacOSX26.2.sdk --macosx-deployment-target 15.6 --module Foundation_Aquire /Users/zero/Documents/FoundationAquire/Aquire/STOREFRONT/Config/Aquire.xcdatamodeld /Users/zero/Library/Developer/Xcode/DerivedData/Foundation_Aquire-dcwdmojbfljbdaetrlzxjthelkgt/Build/Intermediates.noindex/Foundation\ Aquire.build/Release/Foundation\ Aquire.build/DerivedSources/CoreDataGenerated/Aquire

CopyPlistFile /Users/zero/Library/Developer/Xcode/DerivedData/Foundation_Aquire-dcwdmojbfljbdaetrlzxjthelkgt/Build/Products/Release/Foundation\ Aquire.app/Contents/Resources/Info.plist /Users/zero/Documents/FoundationAquire/Aquire/STOREFRONT/Config/Info.plist (in target 'Foundation Aquire' from project 'Foundation Aquire')
    cd /Users/zero/Documents/FoundationAquire
    builtin-copyPlist --outdir /Users/zero/Library/Developer/Xcode/DerivedData/Foundation_Aquire-dcwdmojbfljbdaetrlzxjthelkgt/Build/Products/Release/Foundation\ Aquire.app/Contents/Resources -- /Users/zero/Documents/FoundationAquire/Aquire/STOREFRONT/Config/Info.plist

SwiftDriver Foundation\ Aquire normal x86_64 com.apple.xcode.tools.swift.compiler (in target 'Foundation Aquire' from project 'Foundation Aquire')
    cd /Users/zero/Documents/FoundationAquire
    builtin-SwiftDriver -- /Applications/Xcode.app/Contents/Developer/Toolchains/XcodeDefault.xctoolchain/usr/bin/swiftc -module-name Foundation_Aquire -O -whole-module-optimization -enforce-exclusivity\=checked @/Users/zero/Library/Developer/Xcode/DerivedData/Foundation_Aquire-dcwdmojbfljbdaetrlzxjthelkgt/Build/Intermediates.noindex/Foundation\ Aquire.build/Release/Foundation\ Aquire.build/Objects-normal/x86_64/Foundation\ Aquire.SwiftFileList -enable-bare-slash-regex -enable-experimental-feature DebugDescriptionMacro -sdk /Applications/Xcode.app/Contents/Developer/Platforms/MacOSX.platform/Developer/SDKs/MacOSX26.2.sdk -target x86_64-apple-macos15.6 -g -module-cache-path /Users/zero/Library/Developer/Xcode/DerivedData/ModuleCache.noindex -Xfrontend -serialize-debugging-options -swift-version 5 -I /Users/zero/Library/Developer/Xcode/DerivedData/Foundation_Aquire-dcwdmojbfljbdaetrlzxjthelkgt/Build/Products/Release -F /Users/zero/Library/Developer/Xcode/DerivedData/Foundation_Aquire-dcwdmojbfljbdaetrlzxjthelkgt/Build/Products/Release -emit-localized-strings -emit-localized-strings-path /Users/zero/Library/Developer/Xcode/DerivedData/Foundation_Aquire-dcwdmojbfljbdaetrlzxjthelkgt/Build/Intermediates.noindex/Foundation\ Aquire.build/Release/Foundation\ Aquire.build/Objects-normal/x86_64 -c -num-threads 4 -Xcc -ivfsstatcache -Xcc /Users/zero/Library/Developer/Xcode/DerivedData/SDKStatCaches.noindex/macosx26.2-25C57-3885c01c3e6b6a337905948deab2002e00fa09913b459cbbc988d1f6730289ae.sdkstatcache -output-file-map /Users/zero/Library/Developer/Xcode/DerivedData/Foundation_Aquire-dcwdmojbfljbdaetrlzxjthelkgt/Build/Intermediates.noindex/Foundation\ Aquire.build/Release/Foundation\ Aquire.build/Objects-normal/x86_64/Foundation\ Aquire-OutputFileMap.json -use-frontend-parseable-output -save-temps -no-color-diagnostics -explicit-module-build -module-cache-path /Users/zero/Library/Developer/Xcode/DerivedData/Foundation_Aquire-dcwdmojbfljbdaetrlzxjthelkgt/Build/Intermediates.noindex/SwiftExplicitPrecompiledModules -clang-scanner-module-cache-path /Users/zero/Library/Developer/Xcode/DerivedData/ModuleCache.noindex -sdk-module-cache-path /Users/zero/Library/Developer/Xcode/DerivedData/ModuleCache.noindex -serialize-diagnostics -emit-dependencies -emit-module -emit-module-path /Users/zero/Library/Developer/Xcode/DerivedData/Foundation_Aquire-dcwdmojbfljbdaetrlzxjthelkgt/Build/Intermediates.noindex/Foundation\ Aquire.build/Release/Foundation\ Aquire.build/Objects-normal/x86_64/Foundation_Aquire.swiftmodule -validate-clang-modules-once -clang-build-session-file /Users/zero/Library/Developer/Xcode/DerivedData/ModuleCache.noindex/Session.modulevalidation -Xcc -I/Users/zero/Library/Developer/Xcode/DerivedData/Foundation_Aquire-dcwdmojbfljbdaetrlzxjthelkgt/Build/Intermediates.noindex/Foundation\ Aquire.build/Release/Foundation\ Aquire.build/swift-overrides.hmap -emit-const-values -Xfrontend -const-gather-protocols-file -Xfrontend /Users/zero/Library/Developer/Xcode/DerivedData/Foundation_Aquire-dcwdmojbfljbdaetrlzxjthelkgt/Build/Intermediates.noindex/Foundation\ Aquire.build/Release/Foundation\ Aquire.build/Objects-normal/x86_64/Foundation\ Aquire_const_extract_protocols.json -Xcc -iquote -Xcc /Users/zero/Library/Developer/Xcode/DerivedData/Foundation_Aquire-dcwdmojbfljbdaetrlzxjthelkgt/Build/Intermediates.noindex/Foundation\ Aquire.build/Release/Foundation\ Aquire.build/Foundation\ Aquire-generated-files.hmap -Xcc -I/Users/zero/Library/Developer/Xcode/DerivedData/Foundation_Aquire-dcwdmojbfljbdaetrlzxjthelkgt/Build/Intermediates.noindex/Foundation\ Aquire.build/Release/Foundation\ Aquire.build/Foundation\ Aquire-own-target-headers.hmap -Xcc -I/Users/zero/Library/Developer/Xcode/DerivedData/Foundation_Aquire-dcwdmojbfljbdaetrlzxjthelkgt/Build/Intermediates.noindex/Foundation\ Aquire.build/Release/Foundation\ Aquire.build/Foundation\ Aquire-all-target-headers.hmap -Xcc -iquote -Xcc /Users/zero/Library/Developer/Xcode/DerivedData/Foundation_Aquire-dcwdmojbfljbdaetrlzxjthelkgt/Build/Intermediates.noindex/Foundation\ Aquire.build/Release/Foundation\ Aquire.build/Foundation\ Aquire-project-headers.hmap -Xcc -I/Users/zero/Library/Developer/Xcode/DerivedData/Foundation_Aquire-dcwdmojbfljbdaetrlzxjthelkgt/Build/Products/Release/include -Xcc -I/Users/zero/Library/Developer/Xcode/DerivedData/Foundation_Aquire-dcwdmojbfljbdaetrlzxjthelkgt/Build/Intermediates.noindex/Foundation\ Aquire.build/Release/Foundation\ Aquire.build/DerivedSources-normal/x86_64 -Xcc -I/Users/zero/Library/Developer/Xcode/DerivedData/Foundation_Aquire-dcwdmojbfljbdaetrlzxjthelkgt/Build/Intermediates.noindex/Foundation\ Aquire.build/Release/Foundation\ Aquire.build/DerivedSources/x86_64 -Xcc -I/Users/zero/Library/Developer/Xcode/DerivedData/Foundation_Aquire-dcwdmojbfljbdaetrlzxjthelkgt/Build/Intermediates.noindex/Foundation\ Aquire.build/Release/Foundation\ Aquire.build/DerivedSources -emit-objc-header -emit-objc-header-path /Users/zero/Library/Developer/Xcode/DerivedData/Foundation_Aquire-dcwdmojbfljbdaetrlzxjthelkgt/Build/Intermediates.noindex/Foundation\ Aquire.build/Release/Foundation\ Aquire.build/Objects-normal/x86_64/Foundation_Aquire-Swift.h -working-directory /Users/zero/Documents/FoundationAquire -no-emit-module-separately-wmo
/Users/zero/Documents/FoundationAquire/Aquire/STOREFRONT/UI Components/ProductCard.swift:3:8: error: Unable to find module dependency: 'UIKit'
import UIKit
       ^ (in target 'Foundation Aquire' from project 'Foundation Aquire')
/Users/zero/Documents/FoundationAquire/Aquire/STOREFRONT/UI Components/ProductCard.swift:3:8: note: A dependency of main module 'Foundation_Aquire'
import UIKit
       ^ (in target 'Foundation Aquire' from project 'Foundation Aquire')
/Users/zero/Documents/FoundationAquire/Aquire/STOREFRONT/Utilities/ImageCache.swift:1:8: note: Also imported here
import UIKit
       ^ (in target 'Foundation Aquire' from project 'Foundation Aquire')

